###############################################################################
#
# IAR ELF Linker V7.20.2.7424/W32 for ARM                 16/Feb/2017  14:31:18
# Copyright 2007-2014 IAR Systems AB.
#
#    Output file  =  
#        D:\work\zqstm32f207vet\zqstm32f207vet6B\Project\Debug\Exe\zqstm32f207vet6B.out
#    Map file     =  
#        D:\work\zqstm32f207vet\zqstm32f207vet6B\Project\Debug\List\zqstm32f207vet6B.map
#    Command line =  
#        D:\work\zqstm32f207vet\zqstm32f207vet6B\Project\Debug\Obj\api_lib.o
#        D:\work\zqstm32f207vet\zqstm32f207vet6B\Project\Debug\Obj\api_msg.o
#        D:\work\zqstm32f207vet\zqstm32f207vet6B\Project\Debug\Obj\autoip.o
#        D:\work\zqstm32f207vet\zqstm32f207vet6B\Project\Debug\Obj\dbg.o
#        D:\work\zqstm32f207vet\zqstm32f207vet6B\Project\Debug\Obj\dhcp.o
#        D:\work\zqstm32f207vet\zqstm32f207vet6B\Project\Debug\Obj\dns.o
#        D:\work\zqstm32f207vet\zqstm32f207vet6B\Project\Debug\Obj\echo.o
#        D:\work\zqstm32f207vet\zqstm32f207vet6B\Project\Debug\Obj\err.o
#        D:\work\zqstm32f207vet\zqstm32f207vet6B\Project\Debug\Obj\etharp.o
#        D:\work\zqstm32f207vet\zqstm32f207vet6B\Project\Debug\Obj\ethernetif.o
#        D:\work\zqstm32f207vet\zqstm32f207vet6B\Project\Debug\Obj\fgetopt.o
#        D:\work\zqstm32f207vet\zqstm32f207vet6B\Project\Debug\Obj\httpfs.o
#        D:\work\zqstm32f207vet\zqstm32f207vet6B\Project\Debug\Obj\httpserver.o
#        D:\work\zqstm32f207vet\zqstm32f207vet6B\Project\Debug\Obj\icmp.o
#        D:\work\zqstm32f207vet\zqstm32f207vet6B\Project\Debug\Obj\igmp.o
#        D:\work\zqstm32f207vet\zqstm32f207vet6B\Project\Debug\Obj\inet.o
#        D:\work\zqstm32f207vet\zqstm32f207vet6B\Project\Debug\Obj\inet_chksum.o
#        D:\work\zqstm32f207vet\zqstm32f207vet6B\Project\Debug\Obj\init.o
#        D:\work\zqstm32f207vet\zqstm32f207vet6B\Project\Debug\Obj\ip.o
#        D:\work\zqstm32f207vet\zqstm32f207vet6B\Project\Debug\Obj\ip_addr.o
#        D:\work\zqstm32f207vet\zqstm32f207vet6B\Project\Debug\Obj\ip_frag.o
#        D:\work\zqstm32f207vet\zqstm32f207vet6B\Project\Debug\Obj\main.o
#        D:\work\zqstm32f207vet\zqstm32f207vet6B\Project\Debug\Obj\mem.o
#        D:\work\zqstm32f207vet\zqstm32f207vet6B\Project\Debug\Obj\memp.o
#        D:\work\zqstm32f207vet\zqstm32f207vet6B\Project\Debug\Obj\misc.o
#        D:\work\zqstm32f207vet\zqstm32f207vet6B\Project\Debug\Obj\netbuf.o
#        D:\work\zqstm32f207vet\zqstm32f207vet6B\Project\Debug\Obj\netconf.o
#        D:\work\zqstm32f207vet\zqstm32f207vet6B\Project\Debug\Obj\netdb.o
#        D:\work\zqstm32f207vet\zqstm32f207vet6B\Project\Debug\Obj\netif.o
#        D:\work\zqstm32f207vet\zqstm32f207vet6B\Project\Debug\Obj\netifapi.o
#        D:\work\zqstm32f207vet\zqstm32f207vet6B\Project\Debug\Obj\nvic.o
#        D:\work\zqstm32f207vet\zqstm32f207vet6B\Project\Debug\Obj\pbuf.o
#        D:\work\zqstm32f207vet\zqstm32f207vet6B\Project\Debug\Obj\ptest.o
#        D:\work\zqstm32f207vet\zqstm32f207vet6B\Project\Debug\Obj\raw.o
#        D:\work\zqstm32f207vet\zqstm32f207vet6B\Project\Debug\Obj\shell.o
#        D:\work\zqstm32f207vet\zqstm32f207vet6B\Project\Debug\Obj\sockets.o
#        D:\work\zqstm32f207vet\zqstm32f207vet6B\Project\Debug\Obj\st_debug.o
#        D:\work\zqstm32f207vet\zqstm32f207vet6B\Project\Debug\Obj\startup_stm32f2xx.o
#        D:\work\zqstm32f207vet\zqstm32f207vet6B\Project\Debug\Obj\stats.o
#        D:\work\zqstm32f207vet\zqstm32f207vet6B\Project\Debug\Obj\stm32f2x7_eth.o
#        D:\work\zqstm32f207vet\zqstm32f207vet6B\Project\Debug\Obj\stm32f2xx_gpio.o
#        D:\work\zqstm32f207vet\zqstm32f207vet6B\Project\Debug\Obj\stm32f2xx_rcc.o
#        D:\work\zqstm32f207vet\zqstm32f207vet6B\Project\Debug\Obj\stm32f2xx_syscfg.o
#        D:\work\zqstm32f207vet\zqstm32f207vet6B\Project\Debug\Obj\stm32f2xx_usart.o
#        D:\work\zqstm32f207vet\zqstm32f207vet6B\Project\Debug\Obj\sys.o
#        D:\work\zqstm32f207vet\zqstm32f207vet6B\Project\Debug\Obj\system_stm32f2xx.o
#        D:\work\zqstm32f207vet\zqstm32f207vet6B\Project\Debug\Obj\systimer.o
#        D:\work\zqstm32f207vet\zqstm32f207vet6B\Project\Debug\Obj\tcp.o
#        D:\work\zqstm32f207vet\zqstm32f207vet6B\Project\Debug\Obj\tcp_in.o
#        D:\work\zqstm32f207vet\zqstm32f207vet6B\Project\Debug\Obj\tcp_out.o
#        D:\work\zqstm32f207vet\zqstm32f207vet6B\Project\Debug\Obj\tcpip.o
#        D:\work\zqstm32f207vet\zqstm32f207vet6B\Project\Debug\Obj\tcptest.o
#        D:\work\zqstm32f207vet\zqstm32f207vet6B\Project\Debug\Obj\udp.o
#        D:\work\zqstm32f207vet\zqstm32f207vet6B\Project\Debug\Obj\udptest.o -o
#        D:\work\zqstm32f207vet\zqstm32f207vet6B\Project\Debug\Exe\zqstm32f207vet6B.out
#        --map
#        D:\work\zqstm32f207vet\zqstm32f207vet6B\Project\Debug\List\zqstm32f207vet6B.map
#        --config
#        D:\work\zqstm32f207vet\zqstm32f207vet6B\Project\stm32f2xx_flash.icf
#        --semihosting --entry __iar_program_start --vfe
#
###############################################################################

*******************************************************************************
*** RUNTIME MODEL ATTRIBUTES
***

CppFlavor       = *
__SystemLibrary = DLib


*******************************************************************************
*** PLACEMENT SUMMARY
***

"A1":  place at 0x08000000 { ro section .intvec };
"P1":  place in [from 0x08000000 to 0x08008000] { ro };
"P2":  place in [from 0x20000000 to 0x20020000] { rw, block CSTACK, block HEAP };

  Section             Kind        Address    Size  Object
  -------             ----        -------    ----  ------
"A1":                                       0x184
  .intvec             ro code  0x08000000   0x184  startup_stm32f2xx.o [1]
                             - 0x08000184   0x184

"P1":                                      0x65e6
  .text               ro code  0x08000184   0xb1c  tcp_in.o [1]
  .text               ro code  0x08000ca0    0x26  inet.o [1]
  .text               ro code  0x08000cc6    0x38  ip_addr.o [1]
  .text               ro code  0x08000cfe    0x22  zero_init3.o [4]
  .text               ro code  0x08000d20   0x890  tcp_out.o [1]
  .text               ro code  0x080015b0   0x7ec  tcp.o [1]
  .text               ro code  0x08001d9c    0xa0  memp.o [1]
  .text               ro code  0x08001e3c   0x342  pbuf.o [1]
  .text               ro code  0x0800217e     0xa  xsprout.o [3]
  .text               ro code  0x08002188    0x76  ABImemcpy_unaligned.o [4]
  .text               ro code  0x08002200   0x2b4  ip.o [1]
  .text               ro code  0x080024b4     0x6  ABImemclr4.o [4]
  .text               ro code  0x080024bc   0x1dc  mem.o [1]
  .text               ro code  0x08002698   0x102  netif.o [1]
  .text               ro code  0x0800279c   0x492  ip_frag.o [1]
  .text               ro code  0x08002c30    0x68  raw.o [1]
  .text               ro code  0x08002c98   0x284  udp.o [1]
  .text               ro code  0x08002f1c   0x18e  icmp.o [1]
  .text               ro code  0x080030ac    0x3a  ABImemset48.o [4]
  .text               ro code  0x080030e8   0x64c  etharp.o [1]
  .text               ro code  0x08003734    0x94  inet_chksum.o [1]
  .text               ro code  0x080037c8   0x252  dhcp.o [1]
  .rodata             const    0x08003a1c   0x91c  httpserver.o [1]
  .text               ro code  0x08004338   0x6a0  stm32f2x7_eth.o [1]
  .text               ro code  0x080049d8   0x100  stm32f2xx_rcc.o [1]
  .text               ro code  0x08004ad8   0x5dc  httpserver.o [1]
  .text               ro code  0x080050b4    0x24  printf.o [3]
  .text               ro code  0x080050d8    0x34  sprintf.o [3]
  .text               ro code  0x0800510c    0x2a  strncmp.o [3]
  .text               ro code  0x08005138    0x42  strcmp_unaligned.o [4]
  .text               ro code  0x0800517a   0x150  xprintftiny.o [3]
  .text               ro code  0x080052cc    0x36  strlen.o [4]
  .text               ro code  0x08005304   0x2c4  ethernetif.o [1]
  .text               ro code  0x080055c8     0xc  stm32f2xx_syscfg.o [1]
  .text               ro code  0x080055d4    0x94  stm32f2xx_gpio.o [1]
  .text               ro code  0x08005668    0x8c  misc.o [1]
  .text               ro code  0x080056f4   0x290  fgetopt.o [1]
  .text               ro code  0x08005984    0x16  strchr.o [4]
  .text               ro code  0x0800599c   0x218  shell.o [1]
  .text               ro code  0x08005bb4   0x13c  dbg.o [1]
  .text               ro code  0x08005cf0    0x4c  strtok.o [3]
  .text               ro code  0x08005d3c   0x212  stm32f2xx_usart.o [1]
  .text               ro code  0x08005f4e     0x2  xtls.o [3]
  .text               ro code  0x08005f50    0x22  strspn.o [3]
  .text               ro code  0x08005f72    0x22  strcspn.o [3]
  .text               ro code  0x08005f94    0xdc  main.o [1]
  .text               ro code  0x08006070    0x18  nvic.o [1]
  .text               ro code  0x08006088    0x74  systimer.o [1]
  .text               ro code  0x080060fc    0xc4  netconf.o [1]
  .text               ro code  0x080061c0    0xd2  packbits_init.o [4]
  .text               ro code  0x08006292     0x6  abort.o [3]
  .text               ro code  0x08006298    0x14  exit.o [5]
  .text               ro code  0x080062ac    0xcc  system_stm32f2xx.o [1]
  .text               ro code  0x08006378    0xc8  echo.o [1]
  .text               ro code  0x08006440    0x28  data_init.o [4]
  .iar.init_table     const    0x08006468    0x2c  - Linker created -
  .rodata             const    0x08006494    0x20  echo.o [1]
  .text               ro code  0x080064b4    0x1a  cmain.o [4]
  .text               ro code  0x080064ce     0x4  low_level_init.o [3]
  .text               ro code  0x080064d2     0x4  exit.o [3]
  .text               ro code  0x080064d8     0xa  cexit.o [4]
  .text               ro code  0x080064e2    0x16  xprout.o [3]
  .text               ro code  0x080064f8     0xc  putchar.o [3]
  .text               ro code  0x08006504    0x10  startup_stm32f2xx.o [1]
  .text               ro code  0x08006514     0xc  cstartup_M.o [4]
  .rodata             const    0x08006520     0x8  ip_addr.o [1]
  .text               ro code  0x08006528     0x4  startup_stm32f2xx.o [1]
  .text               ro code  0x0800652c     0x4  startup_stm32f2xx.o [1]
  .text               ro code  0x08006530     0x4  startup_stm32f2xx.o [1]
  .text               ro code  0x08006534     0x4  startup_stm32f2xx.o [1]
  .text               ro code  0x08006538     0x4  startup_stm32f2xx.o [1]
  .text               ro code  0x0800653c     0x4  startup_stm32f2xx.o [1]
  .text               ro code  0x08006540     0x4  startup_stm32f2xx.o [1]
  .text               ro code  0x08006544     0x4  startup_stm32f2xx.o [1]
  .text               ro code  0x08006548     0x4  startup_stm32f2xx.o [1]
  .text               ro code  0x0800654c     0x4  startup_stm32f2xx.o [1]
  .text               ro code  0x08006550     0x4  startup_stm32f2xx.o [1]
  .text               ro code  0x08006554     0x4  startup_stm32f2xx.o [1]
  .text               ro code  0x08006558     0x4  startup_stm32f2xx.o [1]
  .text               ro code  0x0800655c     0x4  startup_stm32f2xx.o [1]
  .text               ro code  0x08006560     0x4  startup_stm32f2xx.o [1]
  .text               ro code  0x08006564     0x4  startup_stm32f2xx.o [1]
  .text               ro code  0x08006568     0x4  startup_stm32f2xx.o [1]
  .text               ro code  0x0800656c     0x4  startup_stm32f2xx.o [1]
  .text               ro code  0x08006570     0x4  startup_stm32f2xx.o [1]
  .text               ro code  0x08006574     0x4  startup_stm32f2xx.o [1]
  .text               ro code  0x08006578     0x4  startup_stm32f2xx.o [1]
  .text               ro code  0x0800657c     0x4  startup_stm32f2xx.o [1]
  .text               ro code  0x08006580     0x4  startup_stm32f2xx.o [1]
  .text               ro code  0x08006584     0x4  startup_stm32f2xx.o [1]
  .text               ro code  0x08006588     0x4  startup_stm32f2xx.o [1]
  .text               ro code  0x0800658c     0x4  startup_stm32f2xx.o [1]
  .text               ro code  0x08006590     0x4  startup_stm32f2xx.o [1]
  .text               ro code  0x08006594     0x4  startup_stm32f2xx.o [1]
  .text               ro code  0x08006598     0x4  startup_stm32f2xx.o [1]
  .text               ro code  0x0800659c     0x4  startup_stm32f2xx.o [1]
  .text               ro code  0x080065a0     0x4  startup_stm32f2xx.o [1]
  .text               ro code  0x080065a4     0x4  startup_stm32f2xx.o [1]
  .text               ro code  0x080065a8     0x4  startup_stm32f2xx.o [1]
  .text               ro code  0x080065ac     0x4  startup_stm32f2xx.o [1]
  .text               ro code  0x080065b0     0x4  startup_stm32f2xx.o [1]
  .text               ro code  0x080065b4     0x4  startup_stm32f2xx.o [1]
  .text               ro code  0x080065b8     0x4  startup_stm32f2xx.o [1]
  .text               ro code  0x080065bc     0x4  startup_stm32f2xx.o [1]
  .text               ro code  0x080065c0     0x4  startup_stm32f2xx.o [1]
  .text               ro code  0x080065c4     0x4  startup_stm32f2xx.o [1]
  .text               ro code  0x080065c8     0x4  startup_stm32f2xx.o [1]
  .text               ro code  0x080065cc     0x4  startup_stm32f2xx.o [1]
  .text               ro code  0x080065d0     0x4  startup_stm32f2xx.o [1]
  .text               ro code  0x080065d4     0x4  startup_stm32f2xx.o [1]
  .text               ro code  0x080065d8     0x4  startup_stm32f2xx.o [1]
  .text               ro code  0x080065dc     0x4  startup_stm32f2xx.o [1]
  .text               ro code  0x080065e0     0x4  startup_stm32f2xx.o [1]
  .text               ro code  0x080065e4     0x4  startup_stm32f2xx.o [1]
  .text               ro code  0x080065e8     0x4  startup_stm32f2xx.o [1]
  .text               ro code  0x080065ec     0x4  startup_stm32f2xx.o [1]
  .text               ro code  0x080065f0     0x4  startup_stm32f2xx.o [1]
  .text               ro code  0x080065f4     0x4  startup_stm32f2xx.o [1]
  .text               ro code  0x080065f8     0x4  startup_stm32f2xx.o [1]
  .text               ro code  0x080065fc     0x4  startup_stm32f2xx.o [1]
  .text               ro code  0x08006600     0x4  startup_stm32f2xx.o [1]
  .text               ro code  0x08006604     0x4  startup_stm32f2xx.o [1]
  .text               ro code  0x08006608     0x4  startup_stm32f2xx.o [1]
  .text               ro code  0x0800660c     0x4  startup_stm32f2xx.o [1]
  .text               ro code  0x08006610     0x4  startup_stm32f2xx.o [1]
  .text               ro code  0x08006614     0x4  startup_stm32f2xx.o [1]
  .text               ro code  0x08006618     0x4  startup_stm32f2xx.o [1]
  .text               ro code  0x0800661c     0x4  startup_stm32f2xx.o [1]
  .text               ro code  0x08006620     0x4  startup_stm32f2xx.o [1]
  .text               ro code  0x08006624     0x4  startup_stm32f2xx.o [1]
  .text               ro code  0x08006628     0x4  startup_stm32f2xx.o [1]
  .text               ro code  0x0800662c     0x4  startup_stm32f2xx.o [1]
  .text               ro code  0x08006630     0x4  startup_stm32f2xx.o [1]
  .text               ro code  0x08006634     0x4  startup_stm32f2xx.o [1]
  .text               ro code  0x08006638     0x4  startup_stm32f2xx.o [1]
  .text               ro code  0x0800663c     0x4  startup_stm32f2xx.o [1]
  .text               ro code  0x08006640     0x4  startup_stm32f2xx.o [1]
  .text               ro code  0x08006644     0x4  startup_stm32f2xx.o [1]
  .text               ro code  0x08006648     0x4  startup_stm32f2xx.o [1]
  .text               ro code  0x0800664c     0x4  startup_stm32f2xx.o [1]
  .text               ro code  0x08006650     0x4  startup_stm32f2xx.o [1]
  .text               ro code  0x08006654     0x4  startup_stm32f2xx.o [1]
  .text               ro code  0x08006658     0x4  startup_stm32f2xx.o [1]
  .text               ro code  0x0800665c     0x4  startup_stm32f2xx.o [1]
  .text               ro code  0x08006660     0x4  startup_stm32f2xx.o [1]
  .text               ro code  0x08006664     0x4  startup_stm32f2xx.o [1]
  .text               ro code  0x08006668     0x4  startup_stm32f2xx.o [1]
  .text               ro code  0x0800666c     0x4  startup_stm32f2xx.o [1]
  .text               ro code  0x08006670     0x4  startup_stm32f2xx.o [1]
  .text               ro code  0x08006674     0x4  startup_stm32f2xx.o [1]
  .text               ro code  0x08006678     0x4  startup_stm32f2xx.o [1]
  .text               ro code  0x0800667c     0x4  startup_stm32f2xx.o [1]
  .text               ro code  0x08006680     0x4  startup_stm32f2xx.o [1]
  .rodata             const    0x08006684     0x0  zero_init3.o [4]
  .rodata             const    0x08006684     0x0  packbits_init.o [4]
  Initializer bytes   ro data  0x08006684    0xe6  <for P2 s0>
                             - 0x0800676a  0x65e6

"P2":                                      0x9738
  P2 s0                        0x20000000   0x200  <Init block>
    .data             inited   0x20000000   0x120  shell.o [1]
    .data             inited   0x20000120    0x50  echo.o [1]
    .data             inited   0x20000170    0x40  xfiles.o [3]
    .data             inited   0x200001b0    0x20  tcp.o [1]
    .data             inited   0x200001d0    0x18  fgetopt.o [1]
    .data             inited   0x200001e8    0x10  stm32f2xx_rcc.o [1]
    .data             inited   0x200001f8     0x4  dhcp.o [1]
    __DLIB_PERTHREAD  inited   0x200001fc     0x4  strtok.o [3]
  .bss                zero     0x20000200  0x2820  mem.o [1]
  .bss                zero     0x20002a20  0x2438  memp.o [1]
  .bss                zero     0x20004e58  0x1dc4  stm32f2x7_eth.o [1]
  .bss                zero     0x20006c1c  0x1dc4  stm32f2x7_eth.o [1]
  .bss                zero     0x200089e0   0x5e0  ip_frag.o [1]
  .bss                zero     0x20008fc0    0xc8  etharp.o [1]
  .bss                zero     0x20009088    0xa0  stm32f2x7_eth.o [1]
  .bss                zero     0x20009128    0xa0  stm32f2x7_eth.o [1]
  .bss                zero     0x200091c8    0x50  xfiles.o [3]
  .bss                zero     0x20009218    0x34  netconf.o [1]
  .bss                zero     0x2000924c    0x34  tcp_in.o [1]
  .bss                zero     0x20009280    0x2c  shell.o [1]
  .bss                zero     0x200092ac    0x28  shell.o [1]
  .bss                zero     0x200092d4    0x18  httpserver.o [1]
  .bss                zero     0x200092ec    0x14  stm32f2x7_eth.o [1]
  .bss                zero     0x20009300     0xc  netif.o [1]
  .bss                zero     0x2000930c     0x8  ip.o [1]
  .bss                zero     0x20009314     0x8  ip_frag.o [1]
  .bss                zero     0x2000931c     0x8  netconf.o [1]
  .bss                zero     0x20009324     0x4  raw.o [1]
  .bss                zero     0x20009328     0x4  stm32f2x7_eth.o [1]
  .bss                zero     0x2000932c     0x4  systimer.o [1]
  .bss                zero     0x20009330     0x4  udp.o [1]
  .bss                zero     0x20009334     0x2  ip.o [1]
  .bss                zero     0x20009336     0x1  etharp.o [1]
  .bss                zero     0x20009337     0x1  tcp.o [1]
  CSTACK                       0x20009338   0x400  <Block>
    CSTACK            uninit   0x20009338   0x400  <Block tail>
                             - 0x20009738  0x9738


*******************************************************************************
*** INIT TABLE
***

          Address     Size
          -------     ----
Zero (__iar_zero_init3)
    1 destination range, total size 0x9138:
          0x20000200  0x9138

Copy/packbits (__iar_packbits_init3)
    1 source range, total size 0xe6 (44% of destination):
          0x08006684    0xe6
    1 destination range, total size 0x200:
          0x20000000   0x200



*******************************************************************************
*** MODULE SUMMARY
***

    Module                 ro code  ro data  rw data
    ------                 -------  -------  -------
D:\work\zqstm32f207vet\zqstm32f207vet6B\Project\Debug\Obj: [1]
    dbg.o                      316
    dhcp.o                     594        2        4
    echo.o                     200       68       80
    etharp.o                 1 612               201
    ethernetif.o               708
    fgetopt.o                  656       11       24
    httpserver.o             1 500    2 332       24
    icmp.o                     398
    inet.o                      38
    inet_chksum.o              148
    ip.o                       692                10
    ip_addr.o                   56        8
    ip_frag.o                1 170             1 512
    main.o                     220
    mem.o                      476            10 272
    memp.o                     160             9 272
    misc.o                     140
    netconf.o                  196                60
    netif.o                    258                12
    nvic.o                      24
    pbuf.o                     834
    raw.o                      104                 4
    shell.o                    536      129      372
    startup_stm32f2xx.o        752
    stm32f2x7_eth.o          1 696            15 584
    stm32f2xx_gpio.o           148
    stm32f2xx_rcc.o            256        7       16
    stm32f2xx_syscfg.o          12
    stm32f2xx_usart.o          530
    system_stm32f2xx.o         204
    systimer.o                 116                 4
    tcp.o                    2 028       14       33
    tcp_in.o                 2 844                52
    tcp_out.o                2 192
    udp.o                      644                 4
    ------------------------------------------------
    Total:                  22 458    2 571   37 540

command line: [2]
    ------------------------------------------------
    Total:

dl7M_tlf.a: [3]
    abort.o                      6
    exit.o                       4
    low_level_init.o             4
    printf.o                    36
    putchar.o                   12
    sprintf.o                   52
    strcspn.o                   34
    strncmp.o                   42
    strspn.o                    34
    strtok.o                    76        2        4
    xfiles.o                             29      144
    xprintftiny.o              336
    xprout.o                    22
    xsprout.o                   10
    xtls.o                       2
    ------------------------------------------------
    Total:                     670       31      148

rt7M_tl.a: [4]
    ABImemclr4.o                 6
    ABImemcpy_unaligned.o      118
    ABImemset48.o               58
    cexit.o                     10
    cmain.o                     26
    cstartup_M.o                12
    data_init.o                 40
    packbits_init.o            210
    strchr.o                    22
    strcmp_unaligned.o          66
    strlen.o                    54
    zero_init3.o                34
    ------------------------------------------------
    Total:                     656

shb_l.a: [5]
    exit.o                      20
    ------------------------------------------------
    Total:                      20

    Gaps                        22        2
    Linker created                       44    1 024
----------------------------------------------------
    Grand Total:            23 826    2 648   38 712


*******************************************************************************
*** ENTRY LIST
***

Entry                      Address    Size  Type      Object
-----                      -------    ----  ----      ------
?main                   0x080064b5          Code  Gb  cmain.o [4]
APBAHBPrescTable        0x200001e8    0x10  Data  Lc  stm32f2xx_rcc.o [1]
ARPTimer                0x20009320     0x4  Data  Gb  netconf.o [1]
BrowserFlag             0x200092e4     0x4  Data  Lc  httpserver.o [1]
CSTACK$$Base            0x20009338           --   Gb  - Linker created -
CSTACK$$Limit           0x20009738           --   Gb  - Linker created -
Content_Length          0x080050a0    0x14  Data  Lc  httpserver.o [1]
DMARxDescToGet          0x200092ec     0x4  Data  Gb  stm32f2x7_eth.o [1]
DMARxDscrTab            0x20009088    0xa0  Data  Gb  stm32f2x7_eth.o [1]
DMATxDescToSet          0x20009328     0x4  Data  Gb  stm32f2x7_eth.o [1]
DMATxDscrTab            0x20009128    0xa0  Data  Gb  stm32f2x7_eth.o [1]
DMA_RX_FRAME_infos      0x200092f0     0x4  Data  Gb  stm32f2x7_eth.o [1]
DataFlag                0x200092d8     0x4  Data  Lc  httpserver.o [1]
ETH_CheckFrameReceived  0x080047e5    0x64  Code  Gb  stm32f2x7_eth.o [1]
ETH_DMAClearITPendingBit
                        0x080048bb     0x2  Code  Gb  stm32f2x7_eth.o [1]
ETH_DMAITConfig         0x080048a9    0x12  Code  Gb  stm32f2x7_eth.o [1]
ETH_DMAReceptionCmd     0x080048d7    0x14  Code  Gb  stm32f2x7_eth.o [1]
ETH_DMARxDescChainInit  0x08004791    0x54  Code  Gb  stm32f2x7_eth.o [1]
ETH_DMATransmissionCmd  0x080048c3    0x14  Code  Gb  stm32f2x7_eth.o [1]
ETH_DMATxDescChainInit  0x08004849    0x40  Code  Gb  stm32f2x7_eth.o [1]
ETH_DMATxDescChecksumInsertionConfig
                        0x08004891     0x2  Code  Gb  stm32f2x7_eth.o [1]
ETH_DeInit              0x08004355    0x1a  Code  Gb  stm32f2x7_eth.o [1]
ETH_Delay               0x08004339    0x1c  Code  Lc  stm32f2x7_eth.o [1]
ETH_GetSoftwareResetStatus
                        0x0800489f     0x2  Code  Gb  stm32f2x7_eth.o [1]
ETH_Get_Received_Frame  0x080046b7    0x3c  Code  Gb  stm32f2x7_eth.o [1]
ETH_IRQHandler          0x0800614d    0x26  Code  Gb  netconf.o [1]
ETH_Init                0x08004423   0x206  Code  Gb  stm32f2x7_eth.o [1]
ETH_MACAddressConfig    0x0800468d    0x2a  Code  Gb  stm32f2x7_eth.o [1]
ETH_MACReceptionCmd     0x08004677    0x16  Code  Gb  stm32f2x7_eth.o [1]
ETH_MACTransmissionCmd  0x08004661    0x16  Code  Gb  stm32f2x7_eth.o [1]
ETH_Prepare_Transmit_Descriptors
                        0x080046f3    0x9e  Code  Gb  stm32f2x7_eth.o [1]
ETH_ReadPHYRegister     0x080048eb    0x48  Code  Gb  stm32f2x7_eth.o [1]
ETH_SoftwareReset       0x08004893     0x2  Code  Gb  stm32f2x7_eth.o [1]
ETH_Start               0x08004639    0x28  Code  Gb  stm32f2x7_eth.o [1]
ETH_StructInit          0x0800436f    0xb4  Code  Gb  stm32f2x7_eth.o [1]
ETH_WritePHYRegister    0x08004933    0x48  Code  Gb  stm32f2x7_eth.o [1]
GPIO_Init               0x080055d5    0x70  Code  Gb  stm32f2xx_gpio.o [1]
GPIO_PinAFConfig        0x08005645    0x24  Code  Gb  stm32f2xx_gpio.o [1]
IAP_HTTP_writedata      0x08004f5b    0x38  Code  Lc  httpserver.o [1]
IAP_httpd_init          0x08004f0d    0x22  Code  Gb  httpserver.o [1]
InStream_Read           0x080061c1    0x22  Code  Lc  packbits_init.o [4]
LeftBytes               0x200092d4     0x1  Data  Lc  httpserver.o [1]
LocalTime               0x2000932c     0x4  Data  Gb  systimer.o [1]
LwIP_Init               0x080060fd    0x50  Code  Gb  netconf.o [1]
LwIP_Periodic_Handle    0x08006173    0x34  Code  Gb  netconf.o [1]
NVIC_Init               0x08005673    0x58  Code  Gb  misc.o [1]
NVIC_PriorityGroupConfig
                        0x08005669     0xa  Code  Gb  misc.o [1]
NVIC_SetPriority        0x08006089    0x1a  Code  Lc  systimer.o [1]
NVIC_SetVectorTable     0x080056cb     0xc  Code  Gb  misc.o [1]
RCC_AHB1PeriphClockCmd  0x08004a59    0x12  Code  Gb  stm32f2xx_rcc.o [1]
RCC_AHB1PeriphResetCmd  0x08004a7d    0x12  Code  Gb  stm32f2xx_rcc.o [1]
RCC_APB1PeriphResetCmd  0x08004a8f    0x12  Code  Gb  stm32f2xx_rcc.o [1]
RCC_APB2PeriphClockCmd  0x08004a6b    0x12  Code  Gb  stm32f2xx_rcc.o [1]
RCC_APB2PeriphResetCmd  0x08004aa1    0x12  Code  Gb  stm32f2xx_rcc.o [1]
RCC_GetClocksFreq       0x080049d9    0x80  Code  Gb  stm32f2xx_rcc.o [1]
RX_Frame_Descriptor     0x200092f4     0xc  Data  Gb  stm32f2x7_eth.o [1]
Region$$Table$$Base     0x08006468           --   Gb  - Linker created -
Region$$Table$$Limit    0x08006494           --   Gb  - Linker created -
Rx_Buff                 0x20004e58  0x1dc4  Data  Gb  stm32f2x7_eth.o [1]
SYSCFG_ETH_MediaInterfaceConfig
                        0x080055c9     0x6  Code  Gb  stm32f2xx_syscfg.o [1]
SysTick_Handler         0x080060e3     0xa  Code  Gb  systimer.o [1]
SystemInit              0x080062ad    0xb2  Code  Gb  system_stm32f2xx.o [1]
TCPTimer                0x2000931c     0x4  Data  Gb  netconf.o [1]
TotalData               0x200092e8     0x4  Data  Lc  httpserver.o [1]
TotalReceived           0x200092e0     0x4  Data  Lc  httpserver.o [1]
Tx_Buff                 0x20006c1c  0x1dc4  Data  Gb  stm32f2x7_eth.o [1]
USART1_IRQHandler       0x08005cb3    0x34  Code  Gb  dbg.o [1]
USART_ClearITPendingBit
                        0x08005f3f     0xa  Code  Gb  stm32f2xx_usart.o [1]
USART_Cmd               0x08005ea1    0x14  Code  Gb  stm32f2xx_usart.o [1]
USART_DeInit            0x08005d3d    0x98  Code  Gb  stm32f2xx_usart.o [1]
USART_GetFlagStatus     0x08005ef5     0xe  Code  Gb  stm32f2xx_usart.o [1]
USART_GetITStatus       0x08005f03    0x3c  Code  Gb  stm32f2xx_usart.o [1]
USART_ITConfig          0x08005ec5    0x30  Code  Gb  stm32f2xx_usart.o [1]
USART_Init              0x08005dd5    0x9a  Code  Gb  stm32f2xx_usart.o [1]
USART_ReceiveData       0x08005ebd     0x8  Code  Gb  stm32f2xx_usart.o [1]
USART_SendData          0x08005eb5     0x8  Code  Gb  stm32f2xx_usart.o [1]
USART_StructInit        0x08005e89    0x18  Code  Gb  stm32f2xx_usart.o [1]
_PrintfTiny             0x08005193   0x138  Code  Gb  xprintftiny.o [3]
_Prout                  0x080064e3    0x16  Code  Gb  xprout.o [3]
_SProut                 0x0800217f     0xa  Code  Gb  xsprout.o [3]
_Strtok_ssave           0x200001fc     0x4  Data  Lc  strtok.o [3]
__aeabi_memclr4         0x080024b5          Code  Gb  ABImemclr4.o [4]
__aeabi_memset4         0x080030ad          Code  Gb  ABImemset48.o [4]
__aeabi_memset8         0x080030ad          Code  Gb  ABImemset48.o [4]
__as_entries_start      0xffffffff           --   Gb  command line/config [2]
__as_table_start        0xffffffff           --   Gb  command line/config [2]
__cmain                 0x080064b5          Code  Gb  cmain.o [4]
__exit                  0x08006299    0x14  Code  Gb  exit.o [5]
__iar_Memset4_word      0x080030b5          Code  Gb  ABImemset48.o [4]
__iar_Memset8_word      0x080030b5          Code  Gb  ABImemset48.o [4]
__iar_Stdout            0x20000170    0x40  Data  Gb  xfiles.o [3]
__iar_Strchr            0x08005985          Code  Gb  strchr.o [4]
__iar_data_init3        0x08006441    0x28  Code  Gb  data_init.o [4]
__iar_dlib_perthread_access
                        0x08005f4f     0x2  Code  Gb  xtls.o [3]
__iar_packbits_init3    0x080061e3    0xb0  Code  Gb  packbits_init.o [4]
__iar_program_start     0x08006515          Code  Gb  cstartup_M.o [4]
__iar_strcmp            0x08005139          Code  Gb  strcmp_unaligned.o [4]
__iar_unaligned___aeabi_memcpy
                        0x08002189          Code  Gb  ABImemcpy_unaligned.o [4]
__iar_unaligned___aeabi_memcpy4
                        0x080021a9          Code  Gb  ABImemcpy_unaligned.o [4]
__iar_unaligned___aeabi_memcpy8
                        0x080021a9          Code  Gb  ABImemcpy_unaligned.o [4]
__iar_unaligned_strcmp  0x08005139          Code  Gb  strcmp_unaligned.o [4]
__iar_zero_init3        0x08000cff    0x22  Code  Gb  zero_init3.o [4]
__low_level_init        0x080064cf     0x4  Code  Gb  low_level_init.o [3]
__vector_table          0x08000000          Data  Gb  startup_stm32f2xx.o [1]
_call_main              0x080064c1          Code  Gb  cmain.o [4]
_exit                   0x080064d9          Code  Gb  cexit.o [4]
_main                   0x080064cb          Code  Gb  cmain.o [4]
abort                   0x08006293     0x6  Code  Gb  abort.o [3]
ackno                   0x20009274     0x4  Data  Lc  tcp_in.o [1]
arp_table               0x20008fc0    0xc8  Data  Lc  etharp.o [1]
bidx                    0x20009280     0x1  Data  Gb  shell.o [1]
buf                     0x200089e0   0x5e0  Data  Lc  ip_frag.o [1]
close_conn              0x08004add    0x2c  Code  Lc  httpserver.o [1]
cmd_line                0x20009284    0x28  Data  Gb  shell.o [1]
cmd_op                  0x20000000   0x120  Data  Gb  shell.o [1]
conn_err                0x08004ad9     0x4  Code  Lc  httpserver.o [1]
current_header          0x20009310     0x4  Data  Gb  ip.o [1]
current_netif           0x2000930c     0x4  Data  Gb  ip.o [1]
data_index_html         0x08003a1c   0x298  Data  Lc  httpserver.o [1]
data_reset_html         0x08003cb4   0x19c  Data  Lc  httpserver.o [1]
data_upload_html        0x08003e50   0x27c  Data  Lc  httpserver.o [1]
data_uploaddone_html    0x080040cc   0x23c  Data  Lc  httpserver.o [1]
dhcp_arp_reply          0x080037c9    0x64  Code  Gb  dhcp.o [1]
dhcp_create_request     0x080038df    0xe2  Code  Lc  dhcp.o [1]
dhcp_delete_request     0x080039d1    0x1a  Code  Lc  dhcp.o [1]
dhcp_option             0x08003875    0x1e  Code  Lc  dhcp.o [1]
dhcp_option_byte        0x08003893    0x10  Code  Lc  dhcp.o [1]
dhcp_option_long        0x080038a3    0x2a  Code  Lc  dhcp.o [1]
dhcp_option_trailer     0x080039eb    0x30  Code  Lc  dhcp.o [1]
dhcp_set_state          0x08003867     0xe  Code  Lc  dhcp.o [1]
echo_main               0x08006379    0x6e  Code  Gb  echo.o [1]
etharp_arp_input        0x0800335b    0xec  Code  Gb  etharp.o [1]
etharp_cached_entry     0x20009336     0x1  Data  Lc  etharp.o [1]
etharp_ip_input         0x0800332f    0x2c  Code  Gb  etharp.o [1]
etharp_output           0x0800344f    0xa4  Code  Gb  etharp.o [1]
etharp_query            0x08003505    0xf6  Code  Gb  etharp.o [1]
etharp_raw              0x0800360f    0x9a  Code  Lc  etharp.o [1]
etharp_request          0x080036a9    0x28  Code  Gb  etharp.o [1]
etharp_send_ip          0x08003277    0x2c  Code  Lc  etharp.o [1]
etharp_tmr              0x08003107    0x46  Code  Gb  etharp.o [1]
ethbroadcast            0x08003724     0x8  Data  Gb  etharp.o [1]
ethernet_input          0x080036d1    0x52  Code  Gb  etharp.o [1]
ethernetif_init         0x08005575    0x1e  Code  Gb  ethernetif.o [1]
ethernetif_input        0x080054e1    0x94  Code  Gb  ethernetif.o [1]
ethzero                 0x0800372c     0x8  Data  Gb  etharp.o [1]
exit                    0x080064d3     0x4  Code  Gb  exit.o [3]
fargv                   0x200092ac    0x28  Data  Lc  shell.o [1]
fgetopt_long            0x080056f5   0x1a6  Code  Gb  fgetopt.o [1]
file_index_html         0x08004308    0x10  Data  Gb  httpserver.o [1]
file_reset_html         0x08004318    0x10  Data  Gb  httpserver.o [1]
file_upload_html        0x08004328    0x10  Data  Gb  httpserver.o [1]
file_uploaddone_html    0x0800507c    0x10  Data  Gb  httpserver.o [1]
find_entry              0x0800314d   0x12a  Code  Lc  etharp.o [1]
flags                   0x2000924c     0x1  Data  Lc  tcp_in.o [1]
fputc                   0x08005ca5     0xe  Code  Gb  dbg.o [1]
free_etharp_q           0x080030e9    0x1e  Code  Lc  etharp.o [1]
fs_open                 0x08004f2f    0x2c  Code  Lc  httpserver.o [1]
help_main               0x08005ab3    0x46  Code  Gb  shell.o [1]
htmlpage                0x200092d6     0x1  Data  Gb  httpserver.o [1]
htonl                   0x08000cad    0x18  Code  Gb  inet.o [1]
htons                   0x08000ca1     0xa  Code  Gb  inet.o [1]
http_accept             0x08004ecf    0x3e  Code  Lc  httpserver.o [1]
http_crnl_2             0x0800508c     0x4  Data  Lc  httpserver.o [1]
http_poll               0x08004b35    0x1a  Code  Lc  httpserver.o [1]
http_recv               0x08004b8f   0x302  Code  Lc  httpserver.o [1]
http_sent               0x08004b4f    0x40  Code  Lc  httpserver.o [1]
icmp_dest_unreach       0x08003037     0x6  Code  Gb  icmp.o [1]
icmp_input              0x08002f1d   0x114  Code  Gb  icmp.o [1]
icmp_send_response      0x08003041    0x6a  Code  Lc  icmp.o [1]
icmp_time_exceeded      0x0800303d     0x4  Code  Gb  icmp.o [1]
inet_chksum             0x08003775     0xc  Code  Gb  inet_chksum.o [1]
inet_chksum_pbuf        0x08003781    0x48  Code  Gb  inet_chksum.o [1]
inseg                   0x20009250    0x14  Data  Lc  tcp_in.o [1]
ip_addr_any             0x08006520     0x4  Data  Gb  ip_addr.o [1]
ip_addr_broadcast       0x08006524     0x4  Data  Gb  ip_addr.o [1]
ip_addr_isbroadcast     0x08000cc7    0x38  Code  Gb  ip_addr.o [1]
ip_frag                 0x08002b01   0x11e  Code  Gb  ip_frag.o [1]
ip_input                0x0800223f   0x168  Code  Gb  ip.o [1]
ip_output               0x08002485    0x30  Code  Gb  ip.o [1]
ip_output_if            0x080023b1    0xc4  Code  Gb  ip.o [1]
ip_reass                0x080029b3   0x14e  Code  Gb  ip_frag.o [1]
ip_reass_chain_frag_into_datagram_and_validate
                        0x080028db    0xd8  Code  Lc  ip_frag.o [1]
ip_reass_dequeue_datagram
                        0x080028bf    0x1c  Code  Lc  ip_frag.o [1]
ip_reass_enqueue_new_datagram
                        0x08002871    0x4e  Code  Lc  ip_frag.o [1]
ip_reass_free_complete_datagram
                        0x0800279d    0x6c  Code  Lc  ip_frag.o [1]
ip_reass_pbufcount      0x20009314     0x2  Data  Lc  ip_frag.o [1]
ip_reass_remove_oldest_datagram
                        0x08002809    0x68  Code  Lc  ip_frag.o [1]
ip_route                0x08002201    0x3e  Code  Gb  ip.o [1]
iphdr                   0x2000926c     0x4  Data  Lc  tcp_in.o [1]
lfree                   0x20000208     0x4  Data  Lc  mem.o [1]
low_level_init          0x08005305   0x1a6  Code  Lc  ethernetif.o [1]
low_level_output        0x080054b5    0x2c  Code  Lc  ethernetif.o [1]
lwip_standard_chksum    0x08003735    0x40  Code  Lc  inet_chksum.o [1]
main                    0x08005f95    0x78  Code  Gb  main.o [1]
mem_free                0x080024e7    0x68  Code  Gb  mem.o [1]
mem_init                0x080024bd    0x2a  Code  Gb  mem.o [1]
mem_malloc              0x080025fb    0x98  Code  Gb  mem.o [1]
mem_realloc             0x0800254f    0xac  Code  Gb  mem.o [1]
memp_free               0x08001e01    0x10  Code  Gb  memp.o [1]
memp_init               0x08001d9d    0x4a  Code  Gb  memp.o [1]
memp_malloc             0x08001de7    0x1a  Code  Gb  memp.o [1]
memp_memory             0x20002a44  0x2414  Data  Lc  memp.o [1]
memp_num                0x08001e28    0x14  Data  Lc  memp.o [1]
memp_sizes              0x08001e14    0x14  Data  Lc  memp.o [1]
memp_tab                0x20002a20    0x24  Data  Lc  memp.o [1]
netif                   0x20009218    0x34  Data  Gb  netconf.o [1]
netif_add               0x08002699    0x42  Code  Gb  netif.o [1]
netif_default           0x20009308     0x4  Data  Gb  netif.o [1]
netif_is_up             0x08002791     0xa  Code  Gb  netif.o [1]
netif_list              0x20009304     0x4  Data  Gb  netif.o [1]
netif_set_addr          0x080026db    0x1e  Code  Gb  netif.o [1]
netif_set_default       0x08002761     0x6  Code  Gb  netif.o [1]
netif_set_gw            0x08002751     0x8  Code  Gb  netif.o [1]
netif_set_ipaddr        0x080026f9    0x58  Code  Gb  netif.o [1]
netif_set_netmask       0x08002759     0x8  Code  Gb  netif.o [1]
netif_set_up            0x08002775    0x1c  Code  Gb  netif.o [1]
newinv                  0x200001e0     0x4  Data  Lc  fgetopt.o [1]
ntohl                   0x08000cc5     0x2  Code  Gb  inet.o [1]
ntohs                   0x08000cab     0x2  Code  Gb  inet.o [1]
nvic_global_init        0x08006071    0x18  Code  Gb  nvic.o [1]
obuf                    0x200091c8    0x50  Data  Lc  xfiles.o [3]
octet_stream            0x08005090    0x10  Data  Lc  httpserver.o [1]
optarg                  0x200001d0     0x4  Data  Gb  fgetopt.o [1]
opterr                  0x200001d8     0x4  Data  Gb  fgetopt.o [1]
optind                  0x200001d4     0x4  Data  Gb  fgetopt.o [1]
optopt                  0x200001dc     0x4  Data  Gb  fgetopt.o [1]
out                     0x0800517b    0x18  Code  Lc  xprintftiny.o [3]
pbuf_alloc              0x08001e3d   0x116  Code  Gb  pbuf.o [1]
pbuf_cat                0x0800205d    0x26  Code  Gb  pbuf.o [1]
pbuf_chain              0x08002083    0x10  Code  Gb  pbuf.o [1]
pbuf_clen               0x08002043    0x10  Code  Gb  pbuf.o [1]
pbuf_copy               0x08002093    0x8c  Code  Gb  pbuf.o [1]
pbuf_copy_partial       0x0800211f    0x60  Code  Gb  pbuf.o [1]
pbuf_free               0x08002003    0x40  Code  Gb  pbuf.o [1]
pbuf_header             0x08001fa1    0x62  Code  Gb  pbuf.o [1]
pbuf_realloc            0x08001f53    0x4e  Code  Gb  pbuf.o [1]
pbuf_ref                0x08002053     0xa  Code  Gb  pbuf.o [1]
printf                  0x080050b5    0x24  Code  Gb  printf.o [3]
pstat_main              0x0800599d     0xa  Code  Gb  shell.o [1]
put_char                0x08005c7f    0x26  Code  Gb  dbg.o [1]
putchar                 0x080064f9     0xc  Code  Gb  putchar.o [3]
ram                     0x20000200     0x4  Data  Lc  mem.o [1]
ram_end                 0x20000204     0x4  Data  Lc  mem.o [1]
ram_heap                0x2000020c  0x2814  Data  Lc  mem.o [1]
raw_input               0x08002c31    0x62  Code  Gb  raw.o [1]
raw_pcbs                0x20009324     0x4  Data  Lc  raw.o [1]
reassdatagrams          0x20009318     0x4  Data  Lc  ip_frag.o [1]
recv_data               0x20009278     0x4  Data  Lc  tcp_in.o [1]
recv_flags              0x2000924d     0x1  Data  Lc  tcp_in.o [1]
reset_fgetopt_status    0x0800589b    0x1a  Code  Gb  fgetopt.o [1]
resetpage               0x200092d5     0x1  Data  Lc  httpserver.o [1]
send_data               0x08004b09    0x2c  Code  Lc  httpserver.o [1]
seqno                   0x20009270     0x4  Data  Lc  tcp_in.o [1]
set_char                0x080059d3    0x6a  Code  Gb  shell.o [1]
shell_init              0x080059cb     0x8  Code  Gb  shell.o [1]
shell_main              0x08005a3d    0x76  Code  Gb  shell.o [1]
size                    0x200092dc     0x4  Data  Lc  httpserver.o [1]
sprintf                 0x080050d9    0x34  Code  Gb  sprintf.o [3]
strchr                  0x08005985          Code  Gb  strchr.o [4]
strcspn                 0x08005f73    0x22  Code  Gb  strcspn.o [3]
strlen                  0x080052cd          Code  Gb  strlen.o [4]
strncmp                 0x0800510d    0x2a  Code  Gb  strncmp.o [3]
strspn                  0x08005f51    0x22  Code  Gb  strspn.o [3]
strtok                  0x08005cf1    0x4c  Code  Gb  strtok.o [3]
systimer_init           0x080060a3    0x40  Code  Gb  systimer.o [1]
tcp_abandon             0x08001657    0x8a  Code  Gb  tcp.o [1]
tcp_accept              0x08001ca1     0x4  Code  Gb  tcp.o [1]
tcp_accept_null         0x08001789     0x6  Code  Lc  tcp.o [1]
tcp_active_pcbs         0x200001c0     0x4  Data  Gb  tcp.o [1]
tcp_alloc               0x08001b91    0xf6  Code  Gb  tcp.o [1]
tcp_arg                 0x08001c8b     0x4  Code  Gb  tcp.o [1]
tcp_backoff             0x08001d84    0x10  Data  Gb  tcp.o [1]
tcp_bind                0x080016e1    0xa8  Code  Gb  tcp.o [1]
tcp_bound_pcbs          0x200001b8     0x4  Data  Gb  tcp.o [1]
tcp_close               0x080015d1    0x86  Code  Gb  tcp.o [1]
tcp_eff_send_mss        0x08001d47    0x22  Code  Gb  tcp.o [1]
tcp_enqueue             0x08000dcd   0x324  Code  Gb  tcp_out.o [1]
tcp_err                 0x08001c9b     0x6  Code  Gb  tcp.o [1]
tcp_fasttmr             0x08001aef    0x48  Code  Gb  tcp.o [1]
tcp_input               0x08000185   0x310  Code  Gb  tcp_in.o [1]
tcp_input_pcb           0x2000927c     0x4  Data  Gb  tcp_in.o [1]
tcp_keepalive           0x080014e5    0x30  Code  Gb  tcp_out.o [1]
tcp_listen_input        0x0800049f    0xc6  Code  Lc  tcp_in.o [1]
tcp_listen_pcbs         0x200001bc     0x4  Data  Gb  tcp.o [1]
tcp_listen_with_backlog
                        0x0800178f    0x74  Code  Gb  tcp.o [1]
tcp_new                 0x08001c87     0x4  Code  Gb  tcp.o [1]
tcp_new_port            0x08001881    0x4a  Code  Lc  tcp.o [1]
tcp_next_iss            0x08001d3b     0xc  Code  Gb  tcp.o [1]
tcp_output              0x08001151   0x17e  Code  Gb  tcp_out.o [1]
tcp_output_segment      0x080012cf    0xa0  Code  Lc  tcp_out.o [1]
tcp_output_set_header   0x08000d21    0x66  Code  Lc  tcp_out.o [1]
tcp_parseopt            0x08000c15    0x72  Code  Lc  tcp_in.o [1]
tcp_pcb_purge           0x08001caf    0x30  Code  Gb  tcp.o [1]
tcp_pcb_remove          0x08001cdf    0x3e  Code  Gb  tcp.o [1]
tcp_persist_backoff     0x08001d94     0x8  Data  Gb  tcp.o [1]
tcp_poll                0x08001ca5     0xa  Code  Gb  tcp.o [1]
tcp_process             0x08000585   0x2c4  Code  Lc  tcp_in.o [1]
tcp_receive             0x0800085f   0x388  Code  Lc  tcp_in.o [1]
tcp_recv                0x08001c8f     0x6  Code  Gb  tcp.o [1]
tcp_recv_null           0x08001b6f    0x22  Code  Gb  tcp.o [1]
tcp_recved              0x0800183f    0x42  Code  Gb  tcp.o [1]
tcp_rexmit              0x08001455    0x46  Code  Gb  tcp_out.o [1]
tcp_rexmit_fast         0x0800149b    0x4a  Code  Gb  tcp_out.o [1]
tcp_rexmit_rto          0x0800142b    0x2a  Code  Gb  tcp_out.o [1]
tcp_rst                 0x08001385    0x94  Code  Gb  tcp_out.o [1]
tcp_seg_free            0x08001b51    0x1e  Code  Gb  tcp.o [1]
tcp_segs_free           0x08001b37    0x1a  Code  Gb  tcp.o [1]
tcp_send_ctrl           0x08000d87    0x18  Code  Gb  tcp_out.o [1]
tcp_send_empty_ack      0x0800110b    0x46  Code  Gb  tcp_out.o [1]
tcp_sent                0x08001c95     0x6  Code  Gb  tcp.o [1]
tcp_slowtmr             0x080018cb   0x224  Code  Gb  tcp.o [1]
tcp_ticks               0x200001b4     0x4  Data  Gb  tcp.o [1]
tcp_timer               0x20009337     0x1  Data  Lc  tcp.o [1]
tcp_tmp_pcb             0x200001c8     0x4  Data  Gb  tcp.o [1]
tcp_tmr                 0x080015b1    0x1e  Code  Gb  tcp.o [1]
tcp_tw_pcbs             0x200001c4     0x4  Data  Gb  tcp.o [1]
tcp_update_rcv_ann_wnd  0x0800180b    0x34  Code  Gb  tcp.o [1]
tcp_write               0x08000d9f    0x2e  Code  Gb  tcp_out.o [1]
tcp_zero_window_probe   0x08001521    0x80  Code  Gb  tcp_out.o [1]
tcphdr                  0x20009268     0x4  Data  Lc  tcp_in.o [1]
tcplen                  0x20009264     0x2  Data  Lc  tcp_in.o [1]
udp_bind                0x08002ec5    0x54  Code  Gb  udp.o [1]
udp_input               0x08002c99   0x174  Code  Gb  udp.o [1]
udp_pcbs                0x20009330     0x4  Data  Gb  udp.o [1]
udp_sendto_if           0x08002e0d    0xb8  Code  Gb  udp.o [1]
update_arp_entry        0x080032a3    0x84  Code  Lc  etharp.o [1]
usart_init              0x08005bb5    0xca  Code  Gb  dbg.o [1]


[1] = D:\work\zqstm32f207vet\zqstm32f207vet6B\Project\Debug\Obj
[2] = command line
[3] = dl7M_tlf.a
[4] = rt7M_tl.a
[5] = shb_l.a

  23 826 bytes of readonly  code memory
   2 648 bytes of readonly  data memory
  38 712 bytes of readwrite data memory

Errors: none
Warnings: none
